// Vitest Snapshot v1

exports[`Transformer > Parse 1`] = `
{
  "body": {
    "children": [
      {
        "attributes": undefined,
        "children": [
          {
            "type": "text",
            "value": "Index",
          },
        ],
        "fmAttributes": undefined,
        "props": {
          "class": "d-heading-title",
          "id": "index",
        },
        "tag": "prose-h1",
        "type": "element",
      },
    ],
    "toc": {
      "depth": 2,
      "links": [],
      "searchDepth": 2,
      "title": "",
    },
    "type": "root",
  },
  "meta": {
    "description": "",
    "empty": false,
    "excerpt": undefined,
    "id": "content:index.md",
    "title": "Index",
    "type": "markdown",
  },
}
`;
