// Vitest Snapshot v1

exports[`Basic tests > Get contents index > basic-index-body 1`] = `
{
  "children": [
    {
      "children": [
        {
          "type": "text",
          "value": "Index",
        },
      ],
      "props": {
        "class": "d-heading-title",
        "id": "index",
      },
      "tag": "prose-h1",
      "type": "element",
    },
  ],
  "toc": {
    "depth": 2,
    "links": [],
    "searchDepth": 2,
    "title": "",
  },
  "type": "root",
}
`;
